[   .000000] Linu versin 4.1.0-6-eneic (ilddlgw01-amd64-004) (gcc version 7.5.0 (Ubuntu 7.5.0-3ubuntu1~18.04)) #97-Ubuntu SMP Wed Apr 1 03:25:46 UTC 2020 (Ubuntu 4.15.0-96.97-generic 4.15.18)
[    0.000000] Command line: BOOT_IMAGE=/boot/vmlinuz-4.15.0-96-generic root=UUID=8dfb92c0-c4f5-454a-95e4-5f3e53ce3d2d ro console=tty1 console=ttyS0
[    0.000000] KERNEL supported cpus:
[    0.000000]   Intel GenuineIntel
[    0.00000]  AM AuthetiAMD[    0.00000]  Centaur CentarHauls
[   .00000]x86/fpu: Supporting XSAVE feature 0x001: 'x87 floating point registers'
[    0.000000] x86/pu: SpprtingXSVEfetur 0002:'SE reisers'
[    0.000000] x86/fpu: Supporting XSAVE feature 0x004: 'AVX registers'
[    0.000000] x86/fpu: xstate_offset[2]:  576, xstate_sizes[2]:  256
[    0.000000] x86/fpu: Enabled xstate features 0x7, context size is 832 bytes, using 'standard' format.
[    0.000000] e820: BIOS-provided physical RAM map:
[   0.000000] BIOS-e20 [mm 0x00000000000000-x000000009bff]usble
   0.0000] BIOS-e820[mem 0x000000009fc0-x00000000009fff reseve
[  0.00000 BIOS-82: me 000000000f00000x000000000fffff] reserved
[  0.00000 BIOS-e8: [mm x000000001000-00000000ffffff] sale
[    0.00000] BI-e820:mem 0x0000003fff0000x0000003fffffff] ACPI dat
    0.0000] BOSe80: [mem0x00000000fec00000-0x00000000fec00fff] reserved
[    000000] IO-e820: [m 0x000000fee00000-0x00000000fee00fff] reserved
[    0.000000] BIOS-e820: [mem 0x00000000fffc0000-0x00000000ffffffff] reserved
[    0.000000] NX Excue Disale protection: actve
[    0.000000] SMBIOS 2.5 present.
[    0.00000 DMI: innotek GmbH VirtualBox/VirtualBox, BIOS VirtualBox 12/01/2006
[    0.000000] Hypervisor detected: KVM
[    0.000000] e820: last_pfn = 0x3fff0 max_arch_pfn = 0x400000000
[    0.000000] MTRR: Disabled
[    0.000000] x86/PAT: MTRRsdiabled, skipping PAT initialization too.
[    0.000000] CPU MTRRs all blank - virtualized system.
[    0.000000] x86/PAT: Configraion -7]:   WT U- UC  WB WTUC- U 
[    0.00000found SP MP-tble t mem 0009ff-0x009fff]
[  0.0000] Saning 1 reas for low memory corruption
[    0.000000] RAMDISK:[mem 0x593000-0xca8fff]
[   000000] AI: Erl tale checksum verification disabled
[    0.000000] ACPI: RSDP 0x00000000000E0000 000024 (v02 VBOX  )
[    0.000000] ACPI: XSDT 0x0000003FF030 003C (v1 VBX   VBOSDT 000001 A  000061)[    00000] ACI: AC 0x0000003FF0F0000F (04 VBX   VBOXFCP000000 AL 000061)
[    0.000000] ACPI: DSDT 0x000000003FFF0470 0021FF (v02 VBOX   VBOXBIOS 00000002 INTL 2010528)
[    0.00000] ACPI: CS 0x000000FFF020 00040
[    0.000000] ACPI: FACS 0x000000003FFF0200 000040
[    0.000000] ACPI: APIC 0x000000003FFF0240 00005C (v02 VBOX   VBOXAPIC 00000001 ASL  00000061)
[    0.000000] ACPI: SSDT 0x000000003FFF02A0 0001CC (v01 VBOX   VBOXCPUT 00000002 INTL 20100528)
[    0.000000] No NUMA conigratiofound
[  0.0000] Fain a ne at [mem0x0000000000000000-0x000000003ffeffff]
[    0.000000] NODE_DATA(0) allocated [mem 0x3ffc5000-0x3ffeffff]
[    0.000000] kvm-clock: cpu 0, msr 0:3ff44001, primary cpu clock
[    0.000000] kvm-clock: Using msrs 4b564d01 and 4b564d00
[  0.0000] km-lock uin shed ffet o429035363 ycls
[    000000] clocksource: kvm-clock: mask: 0xffffffffffffffff max_cycles: 0x1cd42e4dffb, max_idle_ns: 881590591483 ns
[    0.000000] Zone ranges:
[    0.000000]   DM    [mem0x0000000001000-00000000ffff]
[  0.000000]   DMA2   [mem0x00000001000000x0000000fffff]
[    0.0000]   Normal   empty
[   0.00000   vice   ety
[    0.000000] Movabl zone start for each nde
[   .0000] Early memory node rangs
[  0.0000]   ne   : [me 0x0000000000001000x00000000efff]
[   .000000]   node   0: [mem 0x0000000000100000-0x000000003ffeffff]
[    0.000000] Reserved but unavailable: 98 ags
[  0.0000] Initmm etupnoe 0 me 0x00000000001000-0x000000003ffeffff]
[    0.000000] ACPI: PM-Timer IO Port: 0x4008
[    0.000000] IOAPIC[0]: apc_id 2, ersion 32, address 0xfec00000, GSI 0-23
[    0.000000] ACPI: INT_SRC_OVR (bus 0 bus_irq 0 global_irq 2 dfl dfl)
[    0.000000] ACPI: INT_SRC_OVR (bus 0 bus_irq 9 global_irq 9 low level)
[    0.0000]sing ACPI (MADT) forSMP coniguration iinfoation
[    0.000000] smpboot: Allowing 2 CPUs0 hoplug CPUs
    0.0000]PM Registered nsave memory: [mem 0x00000000-000000fff]
[    0.000000PM: Rgitered osave memory: [em 0x0009f000-0x009fff]
[    0.000000] PM: Registered nosave memory: mem 0x00a0000-0x000effff]
[    0.000000] PM: Registerd noave memory [em 0x000f0000-0x000fffff]
[    0.000000] e820: [mem 0x400000-0febffffavailbl for I deves
[  0.0000] oting pavirtlizederne o KV
    0.0000] cocsorc: refned-jffies: ask: xfffffffma_cycles: 0xffffffff, max_idle_s:7645190021158 s
[  0.00000 rando: etradom_bte calledrom strtkene+0x99/0x4fd wi crng_it=0
   0.00000 setup_erpu: NCPUS:8192 nr_cpumask_bits:2 nr_cpu_ids:2 nr_node_ids:1
[    0.00000] percu: Embedded 45 pages/cpu s147456 r8192 d28672 u10856
[  0.00000 P qpinlock sh taleentie: 256 (oer: 0, 4096 bytes)
[    0.000000] Built 1 zonelists, mobility grouping on.  Total pages: 257913
[    0.000000] Policy zone: DMA32
[    0.000000] Kernel commndlin: OOT_IMAG=/ootmlinz-.150-6-genric rot=UUID=8db9c0c45-54a-95e4-5f3e53ce3d2d roconsle=tty consol=ttyS0
[    0.000000] Memory: 982532K/1048120K available (12300K kernel code, 2481K rwdata, 4264K rodata, 2432K init, 2712K bss, 65588K reserved, 0K cma-reserved)
[    0.000000] SLUB: HWalign=64, Order=0-3, MinObjects=0, CPUs=2, Nodes=1
[    0.000000] Kernel/User page tables isolation: enabled
[    0.000000] ftrace: allocating 39351entrs in 4 pags
[  0.0400] erarhial U implemention.
[    .004000] 	RCU restricting CPUs from NR_CPUS=8192 to nr_cpu_ids=2.
[    .00400] TasksCU eabed.
[  0.004000 RCU Ajuting gmetry orrc_fnout_lef=6, nr_cu_ds=2[   .00400 NR_RQ: 2444, nr_irqs: 440, prealllocaedirqs: 
[    00400] onsole: colour VGA+ 80x25
[    0.004000] console [tty1] enabled
[    0.004000] console [ttyS0] enabled
[    0.004000] ACPI: Core revision 20170831
[    0.004000] ACPI: 2 ACPI AML tables successfully acquired and loaded
[  0.004000] APIC: Switch to symmetric I/O mode setup
[    0.004270] x2apic enabled
[    0.008006] Switched APIC routing to physical x2apic.
[    0.013531] ..TIMER: vector=0x30 apic1=0 pin1=2 apic2=-1 pin2=-1
[    0.016006] tsc: Detected 2700.000 MHz processor
[    0.020014] Calibrating delay loop (skipped) preset value.. 5400.00 BogoMIPS (lpj=10800000)
[    0.024010] pid_max: default: 32768 minimum: 301
[    0.028045] Security Framework initialized
[    0.032006] Yama: becoming mindful.
[    0.036035] AppArmor: AppArmor initialized
[    0.044055] Dentry cache hash table entries: 131072 (order: 8, 1048576 bytes)
[    0.048078] Inode-cache hash table entries: 65536 (order: 7, 524288 bytes)
[    0.052021] Mount-cache hash table entries: 2048 (order: 2, 16384 bytes)
[    0.056014] Mountpoint-cache hash table entries: 2048 (order: 2, 16384 bytes)
[    0.060242] Last level iTLB entries: 4KB 64, 2MB 8, 4MB 8
[    0.061935] Last level dTLB entries: 4KB 64, 2MB 0, 4MB 0, 1GB 4
[    0.064002] Spectre V1 : Mitigation: usercopy/swapgs barriers and __user pointer sanitization
[    0.068002] Spectre V2 : Mitigation: Full generic retpoline
[    0.069247] Spectre V2 : Spectre v2 / SpectreRSB mitigation: Filling RSB on context switch
[    0.072001] Speculative Store Bypass: Vulnerable
[    0.073494] MDS: Vulnerable: Clear CPU buffers attempted, no microcode
[    0.075615] Freeing SMP alternatives memory: 36K
[    0.187413] smpboot: CPU0: Intel(R) Core(TM) i5-5257U CPU @ 2.70GHz (family: 0x6, model: 0x3d, stepping: 0x4)
[    0.188092] Performance Events: unsupported p6 CPU model 61 no PMU driver, software events only.
[    0.192069] Hierarchical SRCU implementation.
[    0.194018] NMI watchdog: Perf event create on CPU 0 failed with -2
[    0.196003] NMI watchdog: Perf NMI watchdog permanently disabled
[    0.197372] smp: Bringing up secondary CPUs ...
[    0.198488] x86: Booting SMP configuration:
[    0.200003] .... node  #0, CPUs:      #1
[    0.004000] kvm-clock: cpu 1, msr 0:3ff44041, secondary cpu clock
[    0.218565] smp: Brought up 1 node, 2 CPUs
[    0.220007] smpboot: Max logical packages: 1
[    0.224005] smpboot: Total of 2 processors activated (10800.00 BogoMIPS)
[    0.228136] devtmpfs: initialized
[    0.232069] x86/mm: Memory block size: 128MB
[    0.236164] evm: security.selinux
[    0.240010] evm: security.SMACK64
[    0.244003] evm: security.SMACK64EXEC
[    0.248004] evm: security.SMACK64TRANSMUTE
[    0.252002] evm: security.SMACK64MMAP
[    0.256004] evm: security.apparmor
[    0.260003] evm: security.ima
[    0.264004] evm: security.capability
[    0.268102] clocksource: jiffies: mask: 0xffffffff max_cycles: 0xffffffff, max_idle_ns: 7645041785100000 ns
[    0.272018] futex hash table entries: 512 (order: 3, 32768 bytes)
[    0.280032] pinctrl core: initialized pinctrl subsystem
[    0.284348] RTC time:  0:00:43, date: 04/16/20
[    0.288466] NET: Registered protocol family 16
[    0.292164] audit: initializing netlink subsys (disabled)
[    0.296124] audit: type=2000 audit(1586995231.706:1): state=initialized audit_enabled=0 res=1
[    0.340012] cpuidle: using governor ladder
[    0.344024] cpuidle: using governor menu
[    0.348059] ACPI: bus type PCI registered
[    0.349353] acpiphp: ACPI Hot Plug PCI Controller Driver version: 0.5
[    0.352036] PCI: Using configuration type 1 for base access
[    0.353812] HugeTLB registered 2.00 MiB page size, pre-allocated 0 pages
[    0.356078] ACPI: Added _OSI(Module Device)
[    0.357034] ACPI: Added _OSI(Processor Device)
[    0.360003] ACPI: Added _OSI(3.0 _SCP Extensions)
[    0.361399] ACPI: Added _OSI(Processor Aggregator Device)
[    0.363048] ACPI: Added _OSI(Linux-Dell-Video)
[    0.364003] ACPI: Added _OSI(Linux-Lenovo-NV-HDMI-Audio)
[    0.365183] ACPI: Added _OSI(Linux-HPI-Hybrid-Graphics)
[    0.368430] ACPI: Executed 1 blocks of module-level executable AML code
[    0.377757] ACPI: Interpreter enabled
[    0.379051] ACPI: (supports S0 S5)
[    0.380004] ACPI: Using IOAPIC for interrupt routing
[    0.384232] PCI: Using host bridge windows from ACPI; if necessary, use "pci=nocrs" and report a bug
[    0.388253] ACPI: Enabled 2 GPEs in block 00 to 07
[    0.400000] ACPI: PCI Root Bridge [PCI0] (domain 0000 [bus 00-ff])
[    0.400017] acpi PNP0A03:00: _OSC: OS supports [ASPM ClockPM Segments MSI]
[    0.404038] acpi PNP0A03:00: _OSC: not requesting OS control; OS requires [ExtendedConfig ASPM ClockPM MSI]
[    0.408021] acpi PNP0A03:00: fail to add MMCONFIG information, can't access extended PCI configuration space under this bridge.
[    0.412505] PCI host bridge to bus 0000:00
[    0.416009] pci_bus 0000:00: root bus resource [io  0x0000-0x0cf7 window]
[    0.420009] pci_bus 0000:00: root bus resource [io  0x0d00-0xffff window]
[    0.424006] pci_bus 0000:00: root bus resource [mem 0x000a0000-0x000bffff window]
[    0.428007] pci_bus 0000:00: root bus resource [mem 0x40000000-0xfdffffff window]
[    0.432009] pci_bus 0000:00: root bus resource [bus 00-ff]
[    0.442544] pci 0000:00:01.1: legacy IDE quirk: reg 0x10: [io  0x01f0-0x01f7]
[    0.444007] pci 0000:00:01.1: legacy IDE quirk: reg 0x14: [io  0x03f6]
[    0.448008] pci 0000:00:01.1: legacy IDE quirk: reg 0x18: [io  0x0170-0x0177]
[    0.452009] pci 0000:00:01.1: legacy IDE quirk: reg 0x1c: [io  0x0376]
[    0.485967] pci 0000:00:07.0: quirk: [io  0x4000-0x403f] claimed by PIIX4 ACPI
[    0.488126] pci 0000:00:07.0: quirk: [io  0x4100-0x410f] claimed by PIIX4 SMB
[    0.520668] ACPI: PCI Interrupt Link [LNKA] (IRQs 5 9 10 *11)
[    0.525233] ACPI: PCI Interrupt Link [LNKB] (IRQs 5 9 *10 11)
[    0.528185] ACPI: PCI Interrupt Link [LNKC] (IRQs 5 *9 10 11)
[    0.532176] ACPI: PCI Interrupt Link [LNKD] (IRQs 5 9 10 *11)
[    0.534464] SCSI subsystem initialized
[    0.536077] pci 0000:00:02.0: vgaarb: setting as boot VGA device
[    0.537899] pci 0000:00:02.0: vgaarb: VGA device added: decodes=io+mem,owns=io+mem,locks=none
[    0.540008] pci 0000:00:02.0: vgaarb: bridge control possible
[    0.544008] vgaarb: loaded
[    0.548065] ACPI: bus type USB registered
[    0.552043] usbcore: registered new interface driver usbfs
[    0.556019] usbcore: registered new interface driver hub
[    0.560034] usbcore: registered new device driver usb
[    0.564082] EDAC MC: Ver: 3.0.0
[    0.568333] PCI: Using ACPI for IRQ routing
[    0.572400] NetLabel: Initializing
[    0.576004] NetLabel:  domain hash size = 128
[    0.580004] NetLabel:  protocols = UNLABELED CIPSOv4 CALIPSO
[    0.584025] NetLabel:  unlabeled traffic allowed by default
[    0.588092] clocksource: Switched to clocksource kvm-clock
[   .639 V: skuos uo_66.0
    1.15388]FSDqt-cache hash table entries: 512 (order 0, 4096 bytes)
[    1.368656] AppArmor: AppArmor Filesystem Enabled
[    1.37015]npPnAC it  1.22] p:nPCP fnd dvies

[    2.161357] clocksource: acpi_pm: mask: 0xffffff max_cycles: 0xffffff, max_idle_ns: 2085701024 ns
[   2.16713]NET: Registered otolamy 

[    2.529044] TCP established hash table entries: 8192 (order: 4, 65536 bytes)
[    .529 T bd shab eri: 92orr:, 1072 bytes)
[  358206] TCP:Ha tle cnfur (tablishd 92in81)  3.14] P sh table entries:51(oer2, 16384 bytes)
[    4.376084] UDP-Lite has tle entries: 512 (order: 2, 16384 bytes)
[    4.44924] NE: Regiteedprtocol family 1
[    4.611113] pci 0000:00:00.0: Limiting direct PCI/PCI transfers
[    4.613046] pci 0000:0:00:ctatg A A ngorrods[  5.136181 p 000::00:id dic wth shadowed ROM at [mem 0x000c000-0x00dfff]

[    5.70127Unckg itmf..

[    6.336759] Freeing initrd memory: 19736K
[    6.414383] clocksource: tsc: mask: 0xffffffffffffffff max_cycles: 0x26eb3e3cc63, max_idle_ns: 440795236593 ns
[    6.524693] platform rtc_cmos: registered platform RTC device (no PNP device found)
[    6.585368] Scanning for low memory corruption every 60 seconds
[    6.682036] Initialise system trusted keyrings
[    6.716429] Key type blacklist registered
[    6.770330] workingset: timestamp_bits=36 max_order=18 bucket_order=0
[    6.788085] zbud: loaded
[    6.797009] squashfs: version 4.0 (2009/01/31) Phillip Lougher
[    6.806580] fuse init (API version 7.26)
[    6.859606] Key type asymmetric registered
[    6.862147] Asymmetric key parser 'x509' registered
[    6.863797] Block layer SCSI generic (bsg) driver version 0.4 loaded (major 246)
[    6.866283] io scheduler noop registered
[    6.867551] io scheduler deadline registered
[    6.869013] io scheduler cfq registered (default)
[    6.871025] ACPI: AC Adapter [AC] (off-line)
[    6.874244] input: Power Button as /devices/LNXSYSTM:00/LNXPWRBN:00/input/input0
[    6.878763] ACPI: Power Button [PWRF]
[    6.945133] input: Sleep Button as /devices/LNXSYSTM:00/LNXSLPBN:00/input/input1
[    6.999807] ACPI: Sleep Button [SLPF]
[    7.014166] ACPI: Battery Slot [BAT0] (battery present)
[    7.017071] Serial: 8250/16550 driver, 32 ports, IRQ sharing enabled
[    7.115426] 00:02: ttyS0 at I/O 0x3f8 (irq = 4, base_baud = 115200) is a 16550A
[    7.133855] Linux agpgart interface v0.103
[    7.147931] loop: module loaded
[    7.168844] scsi host0: ata_piix
[    7.183909] scsi host1: ata_piix
[    7.197926] ata1: PATA max UDMA/33 cmd 0x1f0 ctl 0x3f6 bmdma 0xd000 irq 14
[    7.228365] ata2: PATA max UDMA/33 cmd 0x170 ctl 0x376 bmdma 0xd008 irq 15
[    7.259722] libphy: Fixed MDIO Bus: probed
[    7.285162] tun: Universal TUN/TAP device driver, 1.6
[    7.293681] PPP generic driver version 2.4.2
[    7.353634] ehci_hcd: USB 2.0 'Enhanced' Host Controller (EHCI) Driver
[    7.385478] ehci-pci: EHCI PCI platform driver
[    7.386976] ehci-platform: EHCI generic platform driver
[    7.388709] ohci_hcd: USB 1.1 'Open' Host Controller (OHCI) Driver
[    7.390694] ohci-pci: OHCI PCI platform driver
[    7.404469] ohci-platform: OHCI generic platform driver
[    7.415325] uhci_hcd: USB Universal Host Controller Interface driver
[    7.456262] i8042: PNP: PS/2 Controller [PNP0303:PS2K,PNP0f03:PS2M] at 0x60,0x64 irq 1,12
[    7.645288] serio: i8042 KBD port at 0x60,0x64 irq 1
[    7.725756] serio: i8042 AUX port at 0x60,0x64 irq 12
[    7.807969] mousedev: PS/2 mouse device common for all mice
[    7.841306] input: AT Translated Set 2 keyboard as /devices/platform/i8042/serio0/input/input2
[    78478 r_cos rtc_cmos: rtc core: registered rtc_cmos as rtc0
[    8.180753] rtc_cmos rtc_cmos: alarms up to one day, 114 bytes nvram
[    8.295] c evntesdriver
[  8926]evceapr:uentveio 1.03
[    9.144735] device-mapper: ioctl: 4.37.0-ioctl (2017-09-20) initialised: dm-devel@redhat.com
[    9.190268] ledtrig-cpu: registered to indicate activity on CPUs
[    9.192997] NET: Registered protocol family 10
[    9.255078] Segment Routing with IPv6
[    9.300796] NET: Registered protocol family 17
[    9.365143] Key type dns_resolver registered
[    9.421074] mce: Using 0 MCE banks
[    9.484413] RAS: Correctable Errors collector initialized.
[    9.553964] sched_clock: Marking stable (9553935004, 0)->(29050215034, -19496280030)
[    9.675686] registered taskstats version 1
[    9.686060] Loading compiled-in X.509 certificates
[    9.758701] Loaded X.509 cert 'Build time autogenerated kernel key: 244b473b43e18b01f00e37a87f2ecd28620f0244'
[    9.934480] zswap: loaded using pool lzo/zbud
[   10.009276] Key type big_key registered
[   10.076980] Key type trusted registered
[   10.138648] Key type encrypted registered
[   10.157718] AppArmor: AppArmor sha1 policy hashing enabled
[   10.187858] ima: No TPM chip found, activating TPM-bypass! (rc=-19)
[   10.198824] ima: Allocated hash algorithm: sha1
[   10.203028] evm: HMAC attrs: 0x1
[   10.208882]   Magic number: 0:148:1
[   10.215168] rtc_cmos rtc_cmos: setting system clock to 2020-04-16 00:00:55 UTC (1586995255)
[   10.233519] BIOS EDD facility v0.16 2004-Jun-25, 0 devices found
[   10.246762] EDD information not available.
[   10.254276] Freeing unused kernel image memory: 2432K
[   10.288217] Write protecting the kernel read-only data: 20480k
[   10.311086] Freeing unused kernel image memory: 2008K
[   10.314430] Freeing unused kernel image memory: 1880K
[   10.325274] x86/mm: Checked W+X mappings: passed, no W+X pages found.
[   10.372449] x86/mm: Checking user space page tables
[   10.392924] x86/mm: Checked W+X mappings: passed, no W+X pages found.
Loading, please wait...
starting version 237
[   10.603189] e1000: Intel(R) PRO/1000 Network Driver - version 7.3.21-k8-NAPI
[   10.604391] Fusion MPT base driver 3.04.20
[   10.662592] e1000: Copyright (c) 1999-2006 Intel Corporation.
[   10.665034] Copyright (c) 1999-2008 LSI Corporation
[   10.730292] AVX2 version of gcm_enc/dec engaged.
[   10.758723] AES CTR mode by8 optimization enabled
[   10.767271] Fusion MPT SPI Host driver 3.04.20
[   10.881535] input: ImExPS/2 Generic Explorer Mouse as /devices/platform/i8042/serio1/input/input4
[   11.133490] e1000 0000:00:03.0 eth0: (PCI:33MHz:32-bit) 02:86:7f:17:30:67
[   11.254848] e1000 0000:00:03.0 eth0: Intel(R) PRO/1000 Network Connection
[   11.279974] mptbase: ioc0: Initiating bringup
[   11.388898] ioc0: LSI53C1030 A0: Capabilities={Initiator}
[   11.668663] scsi host2: ioc0: LSI53C1030 A0, FwRev=00000000h, Ports=1, MaxQ=256, IRQ=20
[   11.893579] scsi 2:0:0:0: Direct-Access     VBOX     HARDDISK         1.0  PQ: 0 ANSI: 5
[   12.072055] scsi target2:0:0: Beginning Domain Validation
[   12.077906] scsi target2:0:0: Domain Validation skipping write tests
[   12.081062] scsi target2:0:0: Ending Domain Validation
[   12.088392] scsi target2:0:0: asynchronous
[   12.095208] scsi 2:0:1:0: Direct-Access     VBOX     HARDDISK         1.0  PQ: 0 ANSI: 5
[   12.404522] scsi target2:0:1: Beginning Domain Validation
[   12.449951] e1000 0000:00:08.0 eth1: (PCI:33MHz:32-bit) 08:00:27:2f:e7:f7
[   13.209766] e1000 0000:00:08.0 eth1: Intel(R) PRO/1000 Network Connection
[   13.214384] random: fast init done
[   13.734052] random: systemd-udevd: uninitialized urandom read (16 bytes read)
[   14.324276] random: systemd-udevd: uninitialized urandom read (16 bytes read)
[   14.424422] random: systemd-udevd: uninitialized urandom read (16 bytes read)
[   14.517927] scsi target2:0:1: Domain Validation skipping write tests
[   14.518344] e1000 0000:00:08.0 enp0s8: renamed from eth1
[   14.521239] scsi target2:0:1: Ending Domain Validation
[   14.574499] scsi target2:0:1: asynchronous
[   14.577684] e1000 0000:00:03.0 enp0s3: renamed from eth0
[   14.582812] sd 2:0:0:0: Attached scsi generic sg0 type 0
[   14.637258] sd 2:0:1:0: Attached scsi generic sg1 type 0
[   14.637285] sd 2:0:0:0: [sda] 20971520 512-byte logical blocks: (10.7 GB/10.0 GiB)
[   14.642008] sd 2:0:1:0: [sdb] 20480 512-byte logical blocks: (10.5 MB/10.0 MiB)
[   14.670122] sd 2:0:0:0: [sda] Write Protect is off
[   14.670199] sd 2:0:1:0: [sdb] Write Protect is off
[   14.686585] sd 2:0:1:0: [sdb] Incomplete mode parameter data
[   14.687841] sd 2:0:0:0: [sda] Incomplete mode parameter data
[   14.693399] sd 2:0:1:0: [sdb] Assuming drive cache: write through
[   14.696371] sd 2:0:0:0: [sda] Assuming drive cache: write through
[   14.752011] sd 2:0:1:0: [sdb] Attached SCSI disk
[   14.779161]  sda: sda1
[   14.796103] sd 2:0:0:0: [sda] Attached SCSI disk
Begin: Loading essential drivers ... [   16.284717] raid6: sse2x1   gen() 10273 MB/s
[   16.391886] raid6: sse2x1   xor()  7717 MB/s
[   16.496095] raid6: sse2x2   gen() 11944 MB/s
[   16.572533] raid6: sse2x2   xor()  7840 MB/s
[   16.660213] raid6: sse2x4   gen() 14485 MB/s
[   16.801392] raid6: sse2x4   xor() 10106 MB/s
[   16.921446] raid6: avx2x1   gen() 22356 MB/s
[   16.984131] raid6: avx2x1   xor()  9680 MB/s
[   17.049517] raid6: avx2x2   gen() 14547 MB/s
[   17.111401] raid6: avx2x2   xor() 13326 MB/s
[   17.161006] raid6: avx2x4   gen() 23790 MB/s
[   17.208296] raid6: avx2x4   xor()  8809 MB/s
[   17.215835] raid6: using algorithm avx2x4 gen() 23790 MB/s
[   17.228287] raid6: .... xor() 8809 MB/s, rmw enabled
[   17.230038] raid6: using avx2x2 recovery algorithm
[   17.233584] xor: automatically using best checksumming function   avx       
[   17.274951] async_tx: api initialized (async)
done.
Begin: Running /scripts/init-premount ... done.
Begin: Mounting root file system ... Begin: Running /scripts/local-top ... done.
Begin: Running /scripts/local-premount ... [   17.375772] Btrfs loaded, crc32c=crc32c-intel
Scanning for Btrfs filesystems
done.
Warning: fsck no[   17.434206] EXT4-fs (sda1): mounted filesystem with ordered data mode. Opts: (null)
t present, so skipping root file system
done.
Begin: Running /scripts/local-bottom ... done.
Begin: Running /scripts/init-bottom ... done.
[   17.781505] ip_tables: (C) 2000-2006 Netfilter Core Team
[   18.268961] systemd[1]: systemd 237 running in system mode. (+PAM +AUDIT +SELINUX +IMA +APPARMOR +SMACK +SYSVINIT +UTMP +LIBCRYPTSETUP +GCRYPT +GNUTLS +ACL +XZ +LZ4 +SECCOMP +BLKID +ELFUTILS +KMOD -IDN2 +IDN -PCRE2 default-hierarchy=hybrid)
[   18.328814] systemd[1]: Detected virtualization oracle.
[   18.362071] systemd[1]: Detected architecture x86-64.

Welcome to [1mUbuntu 18.04.4 LTS[0m!

[   18.410757] systemd[1]: Set hostname to <ubuntu-bionic>.
[   19.982222] systemd[1]: Reached target System Time Synchronized.
[[0;32m  OK  [0m] Reached target System Time Synchronized.
[   20.017727] systemd[1]: Created slice User and Session Slice.
[[0;32m  OK  [0m] Created slice User and Session Slice.
[   20.033101] systemd[1]: Reached target Swap.
[[0;32m  OK  [0m] Reached target Swap.
[   20.109146] systemd[1]: Created slice System Slice.
[[0;32m  OK  [0m] Created slice System Slice.
[   20.128009] systemd[1]: Listening on /dev/initctl Compatibility Named Pipe.
[[0;32m  OK  [0m] Listening on /dev/initctl Compatibility Named Pipe.
[   20.168040] systemd[1]: Listening on LVM2 metadata daemon socket.
[[0;32m  OK  [0m] Listening on LVM2 metadata daemon socket.
[[0;32m  OK  [0m] Reached target Slices.
[[0;32m  OK  [0m] Listening on LVM2 poll daemon socket.
[[0;32m  OK  [0m] Listening on Journal Socket (/dev/log).
[[0;32m  OK  [0m] Created slice system-serial\x2dgetty.slice.
[[0;32m  OK  [0m] Set up automount Arbitrary Executabâ€¦rmats File System Automount Point.
[[0;32m  OK  [0m] Listening on Journal Socket.
         Mounting POSIX Message Queue File System...
         Starting Create list of required stâ€¦ce nodes for the current kernel...
         Starting Remount Root and Kernel[   20.430149] EXT4-fs (sda1): re-mounted. Opts: (null)
 File Systems...
[[0;32m  OK  [0m] Listening on udev Control Socket.
[[0;32m  OK  [0m] Listening on Journal Audit Socket.
[[0;32m  OK  [0m] Listening on udev Kernel Socket.
         Mounting Huge Pages File System...
         Starting Set the console keyboard layout...
[[0;32m  OK  [0m] Started Forward Password Requests to Wall Directory Watch.
[[0;32m  OK  [0m] Listening on Syslog Socket.
         Starting Journal Service...
[[0;32m  OK  [0m] Listening on Device-mapper event daemon FIFOs.
         Starting Monitor[   20.845779] random: crng init done
ing of LVM2 mirrorsâ€¦ng dmeventd or progress polling...
[   20.869573] random: 7 urandom warning(s) missed due to ratelimiting
[[0;32m  OK  [0m] Reached target User and Group Name Lookups.
         Starting Uncomplicated firewall...
         Starting Load Kernel Mo[   20.989908] Loading iSCSI transport class v2.0-870.
dules...
         Starting udev Coldplug all Devices...
[   21.034934] iscsi: registered transport (tcp)
         Mounting Kernel Debug File System...
[[0;32m  OK  [0m] Listening on Network Service Netlink Socket.
[[0;32m  OK  [0m] Started Journal Service.
[[0;32m  OK  [0m] Mounted POSIX Message Queue File System.
[   21.097226] iscsi: registered transport (iser)
[[0;32m  OK  [0m] Started Create list of required staâ€¦vice nodes for the current kernel.
[[0;32m  OK  [0m] Started Remount Root and Kernel File Systems.
[[0;32m  OK  [0m] Mounted Huge Pages File System.
[[0;32m  OK  [0m] Started Set the console keyboard layout.
[[0;32m  OK  [0m] Started Uncomplicated firewall.
[[0;32m  OK  [0m] Started Load Kernel Modules.
[[0;32m  OK  [0m] Mounted Kernel Debug File System.
[[0;32m  OK  [0m] Started LVM2 metadata daemon.
         Mounting FUSE Control File System...
         Starting Apply Kernel Variables...
         Mounting Kernel Configuration File System...
         Starting Load/Save Random Seed...
         Starting Create Static Device Nodes in /dev...
         Starting Flush Journal to Persistent Storage...
[[0;32m  OK  [0m] Started Monitoring of LVM2 mirrors,â€¦sing dmeventd or progress polling.
[[0;32m  OK  [0m] Started udev Coldplug all Devices.
[[0;32m  OK  [0m] Mounted FUSE Control File System.
[[0;32m  OK  [0m] Mounted Kernel Configuration File System.
[[0;32m  OK  [0m] Started Load/Save Random Seed.
[[0;32m  OK  [0m] Started Apply Kernel Variables.
[[0;32m  OK  [0m] Started Create Static Device Nodes in /dev.
         Starting udev Kernel Device Manager...
[[0;32m  OK  [0m] Reached target Local File Systems (Pre).
[[0;32m  OK  [0m] Reached target Local File Systems.
         Starting ebtables ruleset management...
         Starting Set console font and keymap...
         Starting AppArmor initialization...
         Starting Tell Plymouth To Write Out Runtime Data...
[[0;32m  OK  [0m] Started udev Kernel Device Manager.
[[0;32m  OK  [0m] Started Dispatch Password Requests to Console Directory Watch.
[[0;32m  OK  [0m] Reached target Local Encrypted Volumes.
[[0;32m  OK  [0m] Started Set console font and keymap.
[[0;32m  OK  [0m] Started Tell Plymouth To Write Out Runtime Data.
[[0;32m  OK  [0m] Started Flush Journal to Persistent Storage.
         Starting Create Volatile Files and Directories...
[[0;32m  OK  [0m] Started Create Volatile Files and Directories.
         Starting Update UTMP about System Boot/Shutdown...
[[0;32m  OK  [0m] Started ebtables ruleset management.
[[0;32m  OK  [0m] Started Update UTMP about System Boot/Shutdown.
[[0;32m  OK  [0m] Found device /dev/ttyS0.
[[0;32m  OK  [0m] Listening on Load/Save RF Kill Switch Status /dev/rfkill Watch.
[[0;32m  OK  [0m] Started AppArmor initialization.
         Starting Initial cloud-init job (pre-networking)...
[   24.886290] cloud-init[532]: Cloud-init v. 19.4-33-gbb4131a2-0ubuntu1~18.04.1 running 'init-local' at Thu, 16 Apr 2020 00:01:09 +0000. Up 24.62 seconds.
[[0;32m  OK  [0m] Started Initial cloud-init job (pre-networking).
[[0;32m  OK  [0m] Reached target Network (Pre).
         Starting Network Service...
[[0;32m  OK  [0m] Started Network Service.
         Starting Network Name Resolution...
         Starting Wait for Network to be Configured...
[[0;32m  OK  [0m] Started Network Name Resolution.
[[0;32m  OK  [0m] Reached target Host and Network Name Lookups.
[[0;32m  OK  [0m] Reached target Network.
[[0;32m  OK  [0m] Started Wait for Network to be Configured.
         Starting Initial cloud-init job (metadata service crawler)...
[   28.024811] cloud-init[668]: Cloud-init v. 19.4-33-gbb4131a2-0ubuntu1~18.04.1 running 'init' at Thu, 16 Apr 2020 00:01:12 +0000. Up 27.71 seconds.
[   28.056511] cloud-init[668]: ci-info: ++++++++++++++++++++++++++++++++++++++Net device info+++++++++++++++++++++++++++++++++++++++
[   28.087083] cloud-init[668]: ci-info: +--------+------+-----------------------------+---------------+--------+-------------------+
[   28.100134] cloud-init[668]: ci-info: | Device |  Up  |           Address           |      Mask     | Scope  |     Hw-Address    |
[   28.113762] cloud-init[668]: ci-info: +--------+------+-----------------------------+---------------+--------+-------------------+
[   28.131276] cloud-init[668]: ci-info: | enp0s3 | True |          10.0.2.15          | 255.255.255.0 | global | 02:86:7f:17:30:67 |
[   28.154957] cloud-init[668]: ci-info: | enp0s3 | True |  fe80::86:7fff:fe17:3067/64 |       .       |  link  | 02:86:7f:17:30:67 |
[   28.163967] cloud-init[668]: ci-info: | enp0s8 | True |        192.168.33.10        | 255.255.255.0 | global | 08:00:27:2f:e7:f7 |
[   28.207546] cloud-init[668]: ci-info: | enp0s8 | True | fe80::a00:27ff:fe2f:e7f7/64 |       .       |  link  | 08:00:27:2f:e7:f7 |
[   28.252382] cloud-init[668]: ci-info: |   lo   | True |          127.0.0.1          |   255.0.0.0   |  host  |         .         |
[   28.268288] cloud-init[668]: ci-info: |   lo   | True |           ::1/128           |       .       |  host  |         .         |
[   28.298706] cloud-init[668]: ci-info: +--------+------+-----------------------------+---------------+--------+-------------------+
[   28.342182] cloud-init[668]: ci-info: +++++++++++++++++++++++++++++Route IPv4 info+++++++++++++++++++++++++++++
[   28.352729] cloud-init[668]: ci-info: +-------+--------------+----------+-----------------+-----------+-------+
[   28.359564] cloud-init[668]: ci-info: | Route | Destination  | Gateway  |     Genmask     | Interface | Flags |
[   28.365758] cloud-init[668]: ci-info: +-------+--------------+----------+-----------------+-----------+-------+
[   28.377003] cloud-init[668]: ci-info: |   0   |   0.0.0.0    | 10.0.2.2 |     0.0.0.0     |   enp0s3  |   UG  |
[   28.382433] cloud-init[668]: ci-info: |   1   |   10.0.2.0   | 0.0.0.0  |  255.255.255.0  |   enp0s3  |   U   |
[[0;32m  OK  [0m] Started Initial cloud-init job (metadata service crawler).
[   28.417947] [[0;32m  OK  [0m] Reached target System Initialization.
[[0;32m  OK  [0m] Listening on Open-iSCSI iscsid Socket.
cloud-init[668]: ci-info: |   2   |   10.0.2.2   | 0.0.0.0  | 255.255.255.255 |   enp0s3  |   UH  |
[[   28.440799] cloud-init[668]: ci-info: |   3   | 192.168.33.0 | 0.0.0.0  |  255.255.255.0  |   enp0s8  |   U   |
[   28.440904] cloud-init[668]: ci-info: +-------+--------------+----------+-----------------+-----------+-------+
[   28.441026] cloud-init[668]: ci-info: +++++++++++++++++++Route IPv6 info+++++++++++++++++++
[   28.441084] cloud-init[668]: ci-info: +-------+-------------+---------+-----------+-------+
[   28.441145] cloud-init[668]: ci-info: | Route | Destination | Gateway | Interface | Flags |
[   28.441199] cloud-init[668]: ci-info: +-------+-------------+---------+-----------+-------+
[   28.441253] cloud-init[668]: ci-info: |   1   |  fe80::/64  |    ::   |   enp0s8  |   U   |
[   28.441305] cloud-init[668]: ci-info: |   2   |  fe80::/64  |    ::   |   enp0s3  |   U   |
[   28.441363] cloud-init[668]: ci-info: |   4   |    local    |    ::   |   enp0s3  |   U   |
[   28.441416] cloud-init[668]: ci-info: |   5   |    local    |    ::   |   enp0s8  |   U   |
[   28.441476] cloud-init[668]: ci-info: |   6   |   ff00::/8  |    ::   |   enp0s8  |   U   |
[   28.441529] cloud-init[668]: ci-info: |   7   |   ff00::/8  |    ::   |   enp0s3  |   U   |
[   28.441582] cloud-init[668]: ci-info: +-------+-------------+---------+-----------+-------+
[0;32m  OK  [0m] Started ACPI Events Check.
[[0;32m  OK  [0m] Started Daily apt download activities.
[[0;32m  OK  [0m] Started Daily apt upgrade and clean activities.
[[0;32m  OK  [0m] Listening on UUID daemon activation socket.
         Starting LXD - unix socket.
[[0;32m  OK  [0m] Started Daily Cleanup of Temporary Directories.
[[0;32m  OK  [0m] Reached target Paths.
[[0;32m  OK  [0m] Listening on ACPID Listen Socket.
         Starting Socket activation for snappy daemon.
[[0;32m  OK  [0m] Started Discard unused blocks once a week.
[[0;32m  OK  [0m] Started Message of the Day.
[[0;32m  OK  [0m] Reached target Timers.
[[0;32m  OK  [0m] Listening on D-Bus System Message Bus Socket.
[[0;32m  OK  [0m] Reached target Network is Online.
         Starting Availability of block devices...
[[0;32m  OK  [0m] Reached target Remote File Systems (Pre).
[[0;32m  OK  [0m] Reached target Remote File Systems.
[[0;32m  OK  [0m] Reached target Cloud-config availability.
[[0;32m  OK  [0m] Listening on LXD - unix socket.
[[0;32m  OK  [0m] Listening on Socket activation for snappy daemon.
[[0;32m  OK  [0m] Started Availability of block devices.
[[0;32m  OK  [0m] Reached target Sockets.
[[0;32m  OK  [0m] Reached target Basic System.
         Starting vboxadd.service...
         Starting Accounts Service...
[[0;32m  OK  [0m] Started Deferred execution scheduler.
         Starting LSB: Record successful boot for GRUB...
[[0;32m  OK  [0m] Started Regular background program processing daemon.
         Starting Permit User Sessions...
[[0;32m  OK  [0m] Started irqbalance daemon.
[[0;32m  OK  [0m] Started FUSE filesystem for LXC.
         Starting Login Service...
         Starting Snappy daemon...
         Starting System Logging Service...
         Starting OpenBSD Secure Shell server...
         Starting LXD - container startup/shutdown...
         Starting LSB: automatic crash report generation...
[[0;32m  OK  [0m] Started D-Bus System Message Bus.
[[0;32m  OK  [0m] Started Login Service.
[[0;32m  OK  [0m] Started Unattended Upgrades Shutdown.
         Starting Dispatcher daemon for systemd-networkd...
[[0;32m  OK  [0m] Started System Logging Service.
[[0;32m  OK  [0m] Started vboxadd.service.
[[0;32m  OK  [0m] Started Permit User Sessions.
[[0;32m  OK  [0m] Started OpenBSD Secure Shell server.
         Starting Authorization Manager...
         Starting Hold until boot process finishes up...
         Starting Terminate Plymouth Boot Screen...
         Starting vboxadd-service.service...
[[0;32m  OK  [0m] Started Hold until boot process finishes up.
[[0;32m  OK  [0m] Started Terminate Plymouth Boot Screen.
[[0;32m  OK  [0m] Started Authorization Manager.
[[0;32m  OK  [0m] Started Accounts Service.
[[0;32m  OK  [0m] Started Serial Getty on ttyS0.
         Starting Set console scheme...
[[0;32m  OK  [0m] Started LXD - container startup/shutdown.
[[0;32m  OK  [0m] Started LSB: Record successful boot for GRUB.
[[0;32m  OK  [0m] Started LSB: automatic crash report generation.
[[0;32m  OK  [0m] Started vboxadd-service.service.
[[0;32m  OK  [0m] Started Set console scheme.
[[0;32m  OK  [0m] Created slice system-getty.slice.
[[0;32m  OK  [0m] Started Getty on tty1.
[[0;32m  OK  [0m] Reached target Login Prompts.
[[0;32m  OK  [0m] Started Snappy daemon.
         Starting Wait until snapd is fully seeded...
[[0;32m  OK  [0m] Started Dispatcher daemon for systemd-networkd.
[[0;32m  OK  [0m] Started Wait until snapd is fully seeded.
         Starting Apply the settings specified in cloud-config...
[[0;32m  OK  [0m] Reached target Multi-User System.
[[0;32m  OK  [0m] Reached target Graphical Interface.
         Starting Update UTMP about System Runlevel Changes...
[[0;32m  OK  [0m] Started Update UTMP about System Runlevel Changes.
[[0;32m  OK  [0m] Created slice User Slice of vagrant.
         Starting User Manager for UID 1000...
[[0;32m  OK  [0m] Started Session 1 of user vagrant.
[[0;32m  OK  [0m] Started User Manager for UID 1000.
[   32.414587] cloud-init[1126]: Cloud-init v. 19.4-33-gbb4131a2-0ubuntu1~18.04.1 running 'modules:config' at Thu, 16 Apr 2020 00:01:17 +0000. Up 32.06 seconds.
[[0;32m  OK  [0m] Started Apply the settings specified in cloud-config.
         Starting Execute cloud user/final scripts...
[   33.682581] cloud-init[1198]: Cloud-init v. 19.4-33-gbb4131a2-0ubuntu1~18.04.1 running 'modules:final' at Thu, 16 Apr 2020 00:01:18 +0000. Up 33.38 seconds.
[   33.735163] cloud-init[1198]: Cloud-init v. 19.4-33-gbb4131a2-0ubuntu1~18.04.1 finished at Thu, 16 Apr 2020 00:01:18 +0000. Datasource DataSourceNoCloud [seed=/dev/sdb][dsmode=net].  Up 33.67 seconds
[[0;32m  OK  [0m] Started Execute cloud user/final scripts.
[[0;32m  OK  [0m] Reached target Cloud-init target.

Ubuntu 18.04.4 LTS ubuntu-bionic ttyS0

ubuntu-bionic login: 